123
456
443
114 711 222 331
114 822 333 442
114 922 333 443
221
666
666
