124
451
781
443 741 922 333
112 852 633 444
111 963 333 444
663
663
662
