123
122
789
444 111 222 363
111 222 333 454
111 232 333 444
666
344
666
