123
443
789
444 141 222 333
111 252 333 424
111 262 333 414
666
221
666
