555
555
555
444 111 222 333
111 222 333 444
444 111 222 333
741
852
963
