122
456
789
444 111 741 333
111 222 852 244
111 223 963 144
666
666
344
