369
258
147
444 111 222 333
111 222 333 444
111 222 333 444
666
666
666
