741
852
963
111 222 333 444
111 222 333 444
111 222 333 444
666
666
666
