133
436
729
424 111 232 333
151 222 323 444
181 222 313 444
646
616
616
