443
456
789
444 111 369 633
111 222 258 644
111 223 147 144
123
662
221
