555
555
555
444 111 222 333
111 222 333 444
222 333 444 111
369
258
147
