143
416
719
414 111 282 333
121 222 353 444
131 222 323 444
636
636
626
