123
453
782
443 369 122 333
116 258 233 444
119 147 333 444
664
661
661
