123
456
122
411 311 222 339
411 222 333 448
411 122 333 447
344
666
666
